happy@happydeMacBook-Pro PCV]$ python setup.py install
running install
running build
running build_py
creating build
creating build/lib
creating build/lib/PCV
copying PCV/__init__.py -> build/lib/PCV
creating build/lib/PCV/classifiers
copying PCV/classifiers/__init__.py -> build/lib/PCV/classifiers
copying PCV/classifiers/bayes.py -> build/lib/PCV/classifiers
copying PCV/classifiers/knn.py -> build/lib/PCV/classifiers
creating build/lib/PCV/clustering
copying PCV/clustering/__init__.py -> build/lib/PCV/clustering
copying PCV/clustering/hcluster.py -> build/lib/PCV/clustering
creating build/lib/PCV/geometry
copying PCV/geometry/__init__.py -> build/lib/PCV/geometry
copying PCV/geometry/camera.py -> build/lib/PCV/geometry
copying PCV/geometry/homography.py -> build/lib/PCV/geometry
copying PCV/geometry/warp.py -> build/lib/PCV/geometry
copying PCV/geometry/sfm.py -> build/lib/PCV/geometry
creating build/lib/PCV/imagesearch
copying PCV/imagesearch/imagesearch.py -> build/lib/PCV/imagesearch
copying PCV/imagesearch/__init__.py -> build/lib/PCV/imagesearch
copying PCV/imagesearch/vocabulary.py -> build/lib/PCV/imagesearch
creating build/lib/PCV/localdescriptors
copying PCV/localdescriptors/sift.py -> build/lib/PCV/localdescriptors
copying PCV/localdescriptors/dsift.py -> build/lib/PCV/localdescriptors
copying PCV/localdescriptors/__init__.py -> build/lib/PCV/localdescriptors
copying PCV/localdescriptors/harris.py -> build/lib/PCV/localdescriptors
creating build/lib/PCV/tools
copying PCV/tools/ransac.py -> build/lib/PCV/tools
copying PCV/tools/imregistration.py -> build/lib/PCV/tools
copying PCV/tools/ncut.py -> build/lib/PCV/tools
copying PCV/tools/__init__.py -> build/lib/PCV/tools
copying PCV/tools/imtools.py -> build/lib/PCV/tools
copying PCV/tools/rof.py -> build/lib/PCV/tools
copying PCV/tools/pca.py -> build/lib/PCV/tools
copying PCV/tools/graphcut.py -> build/lib/PCV/tools
running install_lib
creating /anaconda3/lib/python3.7/site-packages/PCV
creating /anaconda3/lib/python3.7/site-packages/PCV/tools
copying build/lib/PCV/tools/ransac.py -> /anaconda3/lib/python3.7/site-packages/PCV/tools
copying build/lib/PCV/tools/imregistration.py -> /anaconda3/lib/python3.7/site-packages/PCV/tools
copying build/lib/PCV/tools/ncut.py -> /anaconda3/lib/python3.7/site-packages/PCV/tools
copying build/lib/PCV/tools/__init__.py -> /anaconda3/lib/python3.7/site-packages/PCV/tools
copying build/lib/PCV/tools/imtools.py -> /anaconda3/lib/python3.7/site-packages/PCV/tools
copying build/lib/PCV/tools/rof.py -> /anaconda3/lib/python3.7/site-packages/PCV/tools
copying build/lib/PCV/tools/pca.py -> /anaconda3/lib/python3.7/site-packages/PCV/tools
copying build/lib/PCV/tools/graphcut.py -> /anaconda3/lib/python3.7/site-packages/PCV/tools
creating /anaconda3/lib/python3.7/site-packages/PCV/clustering
copying build/lib/PCV/clustering/__init__.py -> /anaconda3/lib/python3.7/site-packages/PCV/clustering
copying build/lib/PCV/clustering/hcluster.py -> /anaconda3/lib/python3.7/site-packages/PCV/clustering
copying build/lib/PCV/__init__.py -> /anaconda3/lib/python3.7/site-packages/PCV
creating /anaconda3/lib/python3.7/site-packages/PCV/imagesearch
copying build/lib/PCV/imagesearch/imagesearch.py -> /anaconda3/lib/python3.7/site-packages/PCV/imagesearch
copying build/lib/PCV/imagesearch/__init__.py -> /anaconda3/lib/python3.7/site-packages/PCV/imagesearch
copying build/lib/PCV/imagesearch/vocabulary.py -> /anaconda3/lib/python3.7/site-packages/PCV/imagesearch
creating /anaconda3/lib/python3.7/site-packages/PCV/localdescriptors
copying build/lib/PCV/localdescriptors/sift.py -> /anaconda3/lib/python3.7/site-packages/PCV/localdescriptors
copying build/lib/PCV/localdescriptors/dsift.py -> /anaconda3/lib/python3.7/site-packages/PCV/localdescriptors
copying build/lib/PCV/localdescriptors/__init__.py -> /anaconda3/lib/python3.7/site-packages/PCV/localdescriptors
copying build/lib/PCV/localdescriptors/harris.py -> /anaconda3/lib/python3.7/site-packages/PCV/localdescriptors
creating /anaconda3/lib/python3.7/site-packages/PCV/geometry
copying build/lib/PCV/geometry/__init__.py -> /anaconda3/lib/python3.7/site-packages/PCV/geometry
copying build/lib/PCV/geometry/camera.py -> /anaconda3/lib/python3.7/site-packages/PCV/geometry
copying build/lib/PCV/geometry/homography.py -> /anaconda3/lib/python3.7/site-packages/PCV/geometry
copying build/lib/PCV/geometry/warp.py -> /anaconda3/lib/python3.7/site-packages/PCV/geometry
copying build/lib/PCV/geometry/sfm.py -> /anaconda3/lib/python3.7/site-packages/PCV/geometry
creating /anaconda3/lib/python3.7/site-packages/PCV/classifiers
copying build/lib/PCV/classifiers/__init__.py -> /anaconda3/lib/python3.7/site-packages/PCV/classifiers
copying build/lib/PCV/classifiers/bayes.py -> /anaconda3/lib/python3.7/site-packages/PCV/classifiers
copying build/lib/PCV/classifiers/knn.py -> /anaconda3/lib/python3.7/site-packages/PCV/classifiers
byte-compiling /anaconda3/lib/python3.7/site-packages/PCV/tools/ransac.py to ransac.cpython-37.pyc
  File "/anaconda3/lib/python3.7/site-packages/PCV/tools/ransac.py", line 90
    print 'test_err.min()',test_err.min()
                         ^
SyntaxError: invalid syntax

byte-compiling /anaconda3/lib/python3.7/site-packages/PCV/tools/imregistration.py to imregistration.cpython-37.pyc
byte-compiling /anaconda3/lib/python3.7/site-packages/PCV/tools/ncut.py to ncut.cpython-37.pyc
  File "/anaconda3/lib/python3.7/site-packages/PCV/tools/ncut.py", line 12
    print 'not symmetric'
                        ^
SyntaxError: Missing parentheses in call to 'print'. Did you mean print('not symmetric')?

byte-compiling /anaconda3/lib/python3.7/site-packages/PCV/tools/__init__.py to __init__.cpython-37.pyc
byte-compiling /anaconda3/lib/python3.7/site-packages/PCV/tools/imtools.py to imtools.cpython-37.pyc
byte-compiling /anaconda3/lib/python3.7/site-packages/PCV/tools/rof.py to rof.cpython-37.pyc
byte-compiling /anaconda3/lib/python3.7/site-packages/PCV/tools/pca.py to pca.cpython-37.pyc
byte-compiling /anaconda3/lib/python3.7/site-packages/PCV/tools/graphcut.py to graphcut.cpython-37.pyc
byte-compiling /anaconda3/lib/python3.7/site-packages/PCV/clustering/__init__.py to __init__.cpython-37.pyc
byte-compiling /anaconda3/lib/python3.7/site-packages/PCV/clustering/hcluster.py to hcluster.cpython-37.pyc
byte-compiling /anaconda3/lib/python3.7/site-packages/PCV/__init__.py to __init__.cpython-37.pyc
byte-compiling /anaconda3/lib/python3.7/site-packages/PCV/imagesearch/imagesearch.py to imagesearch.cpython-37.pyc
  File "/anaconda3/lib/python3.7/site-packages/PCV/imagesearch/imagesearch.py", line 45
    print 'indexing', imname
                   ^
SyntaxError: Missing parentheses in call to 'print'. Did you mean print('indexing', imname)?

byte-compiling /anaconda3/lib/python3.7/site-packages/PCV/imagesearch/__init__.py to __init__.cpython-37.pyc
byte-compiling /anaconda3/lib/python3.7/site-packages/PCV/imagesearch/vocabulary.py to vocabulary.cpython-37.pyc
byte-compiling /anaconda3/lib/python3.7/site-packages/PCV/localdescriptors/sift.py to sift.cpython-37.pyc
  File "/anaconda3/lib/python3.7/site-packages/PCV/localdescriptors/sift.py", line 19
    print 'processed', imagename, 'to', resultname
                    ^
SyntaxError: Missing parentheses in call to 'print'. Did you mean print('processed', imagename, 'to', resultname)?

byte-compiling /anaconda3/lib/python3.7/site-packages/PCV/localdescriptors/dsift.py to dsift.cpython-37.pyc
  File "/anaconda3/lib/python3.7/site-packages/PCV/localdescriptors/dsift.py", line 38
    print 'processed', imagename, 'to', resultname
                    ^
SyntaxError: Missing parentheses in call to 'print'. Did you mean print('processed', imagename, 'to', resultname)?

byte-compiling /anaconda3/lib/python3.7/site-packages/PCV/localdescriptors/__init__.py to __init__.cpython-37.pyc
byte-compiling /anaconda3/lib/python3.7/site-packages/PCV/localdescriptors/harris.py to harris.cpython-37.pyc
byte-compiling /anaconda3/lib/python3.7/site-packages/PCV/geometry/__init__.py to __init__.cpython-37.pyc
byte-compiling /anaconda3/lib/python3.7/site-packages/PCV/geometry/camera.py to camera.cpython-37.pyc
byte-compiling /anaconda3/lib/python3.7/site-packages/PCV/geometry/homography.py to homography.cpython-37.pyc
byte-compiling /anaconda3/lib/python3.7/site-packages/PCV/geometry/warp.py to warp.cpython-37.pyc
  File "/anaconda3/lib/python3.7/site-packages/PCV/geometry/warp.py", line 113
    print 'warp - right'
                       ^
SyntaxError: Missing parentheses in call to 'print'. Did you mean print('warp - right')?

byte-compiling /anaconda3/lib/python3.7/site-packages/PCV/geometry/sfm.py to sfm.cpython-37.pyc
byte-compiling /anaconda3/lib/python3.7/site-packages/PCV/classifiers/__init__.py to __init__.cpython-37.pyc
byte-compiling /anaconda3/lib/python3.7/site-packages/PCV/classifiers/bayes.py to bayes.cpython-37.pyc
  File "/anaconda3/lib/python3.7/site-packages/PCV/classifiers/bayes.py", line 34
    print 'est prob',est_prob.shape,self.labels
                   ^
SyntaxError: Missing parentheses in call to 'print'. Did you mean print('est prob',est_prob.shape,self.labels)?

byte-compiling /anaconda3/lib/python3.7/site-packages/PCV/classifiers/knn.py to knn.cpython-37.pyc
running install_egg_info
Writing /anaconda3/lib/python3.7/site-packages/PCV-1.0-py3.7.egg-info
[happy@happydeMacBook-Pro PCV]$ python setup.py install
running install
running build
running build_py
copying PCV/geometry/warp.py -> build/lib/PCV/geometry
running install_lib
copying build/lib/PCV/geometry/warp.py -> /anaconda3/lib/python3.7/site-packages/PCV/geometry
byte-compiling /anaconda3/lib/python3.7/site-packages/PCV/tools/ransac.py to ransac.cpython-37.pyc
  File "/anaconda3/lib/python3.7/site-packages/PCV/tools/ransac.py", line 90
    print 'test_err.min()',test_err.min()
                         ^
SyntaxError: invalid syntax

byte-compiling /anaconda3/lib/python3.7/site-packages/PCV/tools/ncut.py to ncut.cpython-37.pyc
  File "/anaconda3/lib/python3.7/site-packages/PCV/tools/ncut.py", line 12
    print 'not symmetric'
                        ^
SyntaxError: Missing parentheses in call to 'print'. Did you mean print('not symmetric')?

byte-compiling /anaconda3/lib/python3.7/site-packages/PCV/imagesearch/imagesearch.py to imagesearch.cpython-37.pyc
  File "/anaconda3/lib/python3.7/site-packages/PCV/imagesearch/imagesearch.py", line 45
    print 'indexing', imname
                   ^
SyntaxError: Missing parentheses in call to 'print'. Did you mean print('indexing', imname)?

byte-compiling /anaconda3/lib/python3.7/site-packages/PCV/localdescriptors/sift.py to sift.cpython-37.pyc
  File "/anaconda3/lib/python3.7/site-packages/PCV/localdescriptors/sift.py", line 19
    print 'processed', imagename, 'to', resultname
                    ^
SyntaxError: Missing parentheses in call to 'print'. Did you mean print('processed', imagename, 'to', resultname)?

byte-compiling /anaconda3/lib/python3.7/site-packages/PCV/localdescriptors/dsift.py to dsift.cpython-37.pyc
  File "/anaconda3/lib/python3.7/site-packages/PCV/localdescriptors/dsift.py", line 38
    print 'processed', imagename, 'to', resultname
                    ^
SyntaxError: Missing parentheses in call to 'print'. Did you mean print('processed', imagename, 'to', resultname)?

byte-compiling /anaconda3/lib/python3.7/site-packages/PCV/geometry/warp.py to warp.cpython-37.pyc
byte-compiling /anaconda3/lib/python3.7/site-packages/PCV/classifiers/bayes.py to bayes.cpython-37.pyc
  File "/anaconda3/lib/python3.7/site-packages/PCV/classifiers/bayes.py", line 34
    print 'est prob',est_prob.shape,self.labels
                   ^
SyntaxError: Missing parentheses in call to 'print'. Did you mean print('est prob',est_prob.shape,self.labels)?

running install_egg_info
Removing /anaconda3/lib/python3.7/site-packages/PCV-1.0-py3.7.egg-info
Writing /anaconda3/lib/python3.7/site-packages/PCV-1.0-py3.7.egg-info
[happy@happydeMacBook-Pro PCV]$ python setup.py install
running install
running build
running build_py
copying PCV/localdescriptors/dsift.py -> build/lib/PCV/localdescriptors
running install_lib
copying build/lib/PCV/localdescriptors/dsift.py -> /anaconda3/lib/python3.7/site-packages/PCV/localdescriptors
byte-compiling /anaconda3/lib/python3.7/site-packages/PCV/tools/ransac.py to ransac.cpython-37.pyc
  File "/anaconda3/lib/python3.7/site-packages/PCV/tools/ransac.py", line 90
    print 'test_err.min()',test_err.min()
                         ^
SyntaxError: invalid syntax

byte-compiling /anaconda3/lib/python3.7/site-packages/PCV/tools/ncut.py to ncut.cpython-37.pyc
  File "/anaconda3/lib/python3.7/site-packages/PCV/tools/ncut.py", line 12
    print 'not symmetric'
                        ^
SyntaxError: Missing parentheses in call to 'print'. Did you mean print('not symmetric')?

byte-compiling /anaconda3/lib/python3.7/site-packages/PCV/imagesearch/imagesearch.py to imagesearch.cpython-37.pyc
  File "/anaconda3/lib/python3.7/site-packages/PCV/imagesearch/imagesearch.py", line 45
    print 'indexing', imname
                   ^
SyntaxError: Missing parentheses in call to 'print'. Did you mean print('indexing', imname)?

byte-compiling /anaconda3/lib/python3.7/site-packages/PCV/localdescriptors/sift.py to sift.cpython-37.pyc
  File "/anaconda3/lib/python3.7/site-packages/PCV/localdescriptors/sift.py", line 19
    print 'processed', imagename, 'to', resultname
                    ^
SyntaxError: Missing parentheses in call to 'print'. Did you mean print('processed', imagename, 'to', resultname)?

byte-compiling /anaconda3/lib/python3.7/site-packages/PCV/localdescriptors/dsift.py to dsift.cpython-37.pyc
byte-compiling /anaconda3/lib/python3.7/site-packages/PCV/classifiers/bayes.py to bayes.cpython-37.pyc
  File "/anaconda3/lib/python3.7/site-packages/PCV/classifiers/bayes.py", line 34
    print 'est prob',est_prob.shape,self.labels
                   ^
SyntaxError: Missing parentheses in call to 'print'. Did you mean print('est prob',est_prob.shape,self.labels)?

running install_egg_info
Removing /anaconda3/lib/python3.7/site-packages/PCV-1.0-py3.7.egg-info
Writing /anaconda3/lib/python3.7/site-packages/PCV-1.0-py3.7.egg-info
[happy@happydeMacBook-Pro PCV]$ python setup.py install
running install
running build
running build_py
copying PCV/localdescriptors/sift.py -> build/lib/PCV/localdescriptors
running install_lib
copying build/lib/PCV/localdescriptors/sift.py -> /anaconda3/lib/python3.7/site-packages/PCV/localdescriptors
byte-compiling /anaconda3/lib/python3.7/site-packages/PCV/tools/ransac.py to ransac.cpython-37.pyc
  File "/anaconda3/lib/python3.7/site-packages/PCV/tools/ransac.py", line 90
    print 'test_err.min()',test_err.min()
                         ^
SyntaxError: invalid syntax

byte-compiling /anaconda3/lib/python3.7/site-packages/PCV/tools/ncut.py to ncut.cpython-37.pyc
  File "/anaconda3/lib/python3.7/site-packages/PCV/tools/ncut.py", line 12
    print 'not symmetric'
                        ^
SyntaxError: Missing parentheses in call to 'print'. Did you mean print('not symmetric')?

byte-compiling /anaconda3/lib/python3.7/site-packages/PCV/imagesearch/imagesearch.py to imagesearch.cpython-37.pyc
  File "/anaconda3/lib/python3.7/site-packages/PCV/imagesearch/imagesearch.py", line 45
    print 'indexing', imname
                   ^
SyntaxError: Missing parentheses in call to 'print'. Did you mean print('indexing', imname)?

byte-compiling /anaconda3/lib/python3.7/site-packages/PCV/localdescriptors/sift.py to sift.cpython-37.pyc
byte-compiling /anaconda3/lib/python3.7/site-packages/PCV/classifiers/bayes.py to bayes.cpython-37.pyc
  File "/anaconda3/lib/python3.7/site-packages/PCV/classifiers/bayes.py", line 34
    print 'est prob',est_prob.shape,self.labels
                   ^
SyntaxError: Missing parentheses in call to 'print'. Did you mean print('est prob',est_prob.shape,self.labels)?

running install_egg_info
Removing /anaconda3/lib/python3.7/site-packages/PCV-1.0-py3.7.egg-info
Writing /anaconda3/lib/python3.7/site-packages/PCV-1.0-py3.7.egg-info
[happy@happydeMacBook-Pro PCV]$ python setup.py install
running install
running build
running build_py
copying PCV/classifiers/bayes.py -> build/lib/PCV/classifiers
running install_lib
copying build/lib/PCV/classifiers/bayes.py -> /anaconda3/lib/python3.7/site-packages/PCV/classifiers
byte-compiling /anaconda3/lib/python3.7/site-packages/PCV/tools/ransac.py to ransac.cpython-37.pyc
  File "/anaconda3/lib/python3.7/site-packages/PCV/tools/ransac.py", line 90
    print 'test_err.min()',test_err.min()
                         ^
SyntaxError: invalid syntax

byte-compiling /anaconda3/lib/python3.7/site-packages/PCV/tools/ncut.py to ncut.cpython-37.pyc
  File "/anaconda3/lib/python3.7/site-packages/PCV/tools/ncut.py", line 12
    print 'not symmetric'
                        ^
SyntaxError: Missing parentheses in call to 'print'. Did you mean print('not symmetric')?

byte-compiling /anaconda3/lib/python3.7/site-packages/PCV/imagesearch/imagesearch.py to imagesearch.cpython-37.pyc
  File "/anaconda3/lib/python3.7/site-packages/PCV/imagesearch/imagesearch.py", line 45
    print 'indexing', imname
                   ^
SyntaxError: Missing parentheses in call to 'print'. Did you mean print('indexing', imname)?

byte-compiling /anaconda3/lib/python3.7/site-packages/PCV/classifiers/bayes.py to bayes.cpython-37.pyc
running install_egg_info
Removing /anaconda3/lib/python3.7/site-packages/PCV-1.0-py3.7.egg-info
Writing /anaconda3/lib/python3.7/site-packages/PCV-1.0-py3.7.egg-info
[happy@happydeMacBook-Pro PCV]$ python setup.py install
running install
running build
running build_py
copying PCV/tools/ncut.py -> build/lib/PCV/tools
running install_lib
copying build/lib/PCV/tools/ncut.py -> /anaconda3/lib/python3.7/site-packages/PCV/tools
byte-compiling /anaconda3/lib/python3.7/site-packages/PCV/tools/ransac.py to ransac.cpython-37.pyc
  File "/anaconda3/lib/python3.7/site-packages/PCV/tools/ransac.py", line 90
    print 'test_err.min()',test_err.min()
                         ^
SyntaxError: invalid syntax

byte-compiling /anaconda3/lib/python3.7/site-packages/PCV/tools/ncut.py to ncut.cpython-37.pyc
byte-compiling /anaconda3/lib/python3.7/site-packages/PCV/imagesearch/imagesearch.py to imagesearch.cpython-37.pyc
  File "/anaconda3/lib/python3.7/site-packages/PCV/imagesearch/imagesearch.py", line 45
    print 'indexing', imname
                   ^
SyntaxError: Missing parentheses in call to 'print'. Did you mean print('indexing', imname)?

running install_egg_info
Removing /anaconda3/lib/python3.7/site-packages/PCV-1.0-py3.7.egg-info
Writing /anaconda3/lib/python3.7/site-packages/PCV-1.0-py3.7.egg-info
[happy@happydeMacBook-Pro PCV]$ python setup.py install
running install
running build
running build_py
running install_lib
byte-compiling /anaconda3/lib/python3.7/site-packages/PCV/tools/ransac.py to ransac.cpython-37.pyc
  File "/anaconda3/lib/python3.7/site-packages/PCV/tools/ransac.py", line 90
    print 'test_err.min()',test_err.min()
                         ^
SyntaxError: invalid syntax

byte-compiling /anaconda3/lib/python3.7/site-packages/PCV/imagesearch/imagesearch.py to imagesearch.cpython-37.pyc
  File "/anaconda3/lib/python3.7/site-packages/PCV/imagesearch/imagesearch.py", line 45
    print 'indexing', imname
                   ^
SyntaxError: Missing parentheses in call to 'print'. Did you mean print('indexing', imname)?

running install_egg_info
Removing /anaconda3/lib/python3.7/site-packages/PCV-1.0-py3.7.egg-info
Writing /anaconda3/lib/python3.7/site-packages/PCV-1.0-py3.7.egg-info
[happy@happydeMacBook-Pro PCV]$ python setup.py install
running install
running build
running build_py
copying PCV/imagesearch/imagesearch.py -> build/lib/PCV/imagesearch
running install_lib
copying build/lib/PCV/imagesearch/imagesearch.py -> /anaconda3/lib/python3.7/site-packages/PCV/imagesearch
byte-compiling /anaconda3/lib/python3.7/site-packages/PCV/tools/ransac.py to ransac.cpython-37.pyc
  File "/anaconda3/lib/python3.7/site-packages/PCV/tools/ransac.py", line 90
    print 'test_err.min()',test_err.min()
                         ^
SyntaxError: invalid syntax

byte-compiling /anaconda3/lib/python3.7/site-packages/PCV/imagesearch/imagesearch.py to imagesearch.cpython-37.pyc
running install_egg_info
Removing /anaconda3/lib/python3.7/site-packages/PCV-1.0-py3.7.egg-info
Writing /anaconda3/lib/python3.7/site-packages/PCV-1.0-py3.7.egg-info
[happy@happydeMacBook-Pro PCV]$ python setup.py install
running install
running build
running build_py
copying PCV/tools/ransac.py -> build/lib/PCV/tools
running install_lib
copying build/lib/PCV/tools/ransac.py -> /anaconda3/lib/python3.7/site-packages/PCV/tools
byte-compiling /anaconda3/lib/python3.7/site-packages/PCV/tools/ransac.py to ransac.cpython-37.pyc
running install_egg_info
Removing /anaconda3/lib/python3.7/site-packages/PCV-1.0-py3.7.egg-info
Writing /anaconda3/lib/python3.7/site-packages/PCV-1.0-py3.7.egg-info
